// Jest Snapshot v1, https://goo.gl/fbAQLP

exports[`Box renders 1`] = `
.c0 {
  box-sizing: border-box;
  padding-left: 16px;
  padding-right: 16px;
  padding-top: 32px;
  padding-bottom: 32px;
  color: white;
  background-color: blue;
}

<div
  className="c0"
>
  Hello
</div>
`;

exports[`Button renders 1`] = `
.c1 {
  font-size: 14px;
  font-weight: bold;
  line-height: 1.1428571428571428;
  margin: 0px;
  padding-left: 16px;
  padding-right: 16px;
  padding-top: 8px;
  padding-bottom: 8px;
  color: white;
  background-color: blue;
  border-radius: 4px;
  border: 0;
  font-family: inherit;
  -webkit-font-smoothing: antialiased;
  display: inline-block;
  vertical-align: middle;
  text-align: center;
  -webkit-text-decoration: none;
  text-decoration: none;
  -webkit-appearance: none;
  -moz-appearance: none;
  appearance: none;
}

.c1:disabled {
  opacity: 0.25;
}

.c1:focus {
  outline: none;
  box-shadow: 0 0 0 2px blue;
}

.c0 {
  text-transform: uppercase;
  -webkit-letter-spacing: 0.1em;
  -moz-letter-spacing: 0.1em;
  -ms-letter-spacing: 0.1em;
  letter-spacing: 0.1em;
}

<button
  className="c0 c1"
>
  Hello
</button>
`;

exports[`Heading renders 1`] = `
.c0 {
  font-size: 48px;
  font-weight: bold;
  line-height: 1.125;
  margin: 0px;
}

<h2
  className="c0"
>
  Hello Heading
</h2>
`;

exports[`Text renders 1`] = `
.c0 {
  margin: 0px;
}

<div
  className="c0"
>
  Hello Text
</div>
`;
